# airports = 3376
California airports: (size = 205)
[0O3,Calaveras Co-Maury Rasmussen,San Andreas,CA,USA,38.14612,-120.64817]
[0O4,Corning Municipal,Corning,CA,USA,39.943768,-122.17138]
[0O5,University,Davis,CA,USA,38.531464,-121.78649]
[0Q5,Shelter Cove,Shelter Cove,CA,USA,40.027645,-124.073364]
[0Q6,Shingletown,Shingletown,CA,USA,40.522102,-121.81777]
[1O2,Lampson,Lakeport,CA,USA,38.990173,-122.89972]
[1O3,Lodi,Lodi,CA,USA,38.202415,-121.26842]
[1O6,Dunsmuir Municipal-Mott,Dunsmuir,CA,USA,41.26321,-122.27195]
[2O1,Gansner,Quincy,CA,USA,39.94378,-120.9469]
[2O3,Angwin-Parrett,Angwin,CA,USA,38.578518,-122.43526]
[2O6,Chowchilla,Chowchilla,CA,USA,37.112446,-120.24684]
[2O7,Independence,Independence,CA,USA,36.81382,-118.20509]
[2Q3,Yolo Co-Davis/Woodland/Winters,Davis/Woodland/Winters,CA,USA,38.57907,-121.85663]
[36S,Happy Camp,Happy Camp,CA,USA,41.79068,-123.38895]
[3O1,Gustine,Gustine,CA,USA,37.26272,-120.96326]
[3O7,Hollister Municipal,Hollister,CA,USA,36.893345,-121.41027]
[49X,Chemehuevi Valley,Chemehuevi Valley,CA,USA,34.52751,-114.43107]
[A30,Scott Valley,Fort Jones,CA,USA,41.558193,-122.85531]
[A32,Butte Valley,Dorris,CA,USA,41.887093,-121.97556]
[AAT,Alturas Municipal,Alturas,CA,USA,41.483,-120.56536]
[ACV,Arcata,Arcata/Eureka,CA,USA,40.978115,-124.10862]
[AJO,Corona Municipal,Corona,CA,USA,33.897655,-117.60244]
[APC,Napa County,Napa,CA,USA,38.213196,-122.28069]
[APV,Apple Valley,Apple Valley,CA,USA,34.57529,-117.18618]
[AUN,Auburn Municipal,Auburn,CA,USA,38.95477,-121.08208]
[AVX,Catalina,Avalon,CA,USA,33.404945,-118.41586]
[BFL,Meadows,Bakersfield,CA,USA,35.433598,-119.05677]
[BIH,Bishop,Bishop,CA,USA,37.373096,-118.36361]
[BLH,Blythe,Blythe,CA,USA,33.619164,-114.71687]
[BNG,Banning Municipal,Banning,CA,USA,33.923073,-116.85058]
[BUR,Burbank-Glendale-Pasadena,Burbank,CA,USA,34.20062,-118.3585]
[BWC,Brawley Municipal,Brawley,CA,USA,32.9931,-115.51693]
[C80,New Coalinga Municipal,Coalinga,CA,USA,36.16314,-120.293816]
[C83,Byron,Byron,CA,USA,37.828453,-121.625824]
[CCB,Cable,Upland,CA,USA,34.11154,-117.68759]
[CCR,Buchanan,Concord,CA,USA,37.989655,-122.0569]
[CEC,Jack McNamara,Crescent City,CA,USA,41.78016,-124.236534]
[CIC,Chico Municipal,Chico,CA,USA,39.795383,-121.85842]
[CMA,Camarillo,Camarillo,CA,USA,34.213757,-119.09433]
[CNO,Chino,Chino,CA,USA,33.974693,-117.63661]
[CPM,Compton/Woodley,Compton,CA,USA,33.890015,-118.24368]
[CRO,Corcoran,Corcoran,CA,USA,36.10245,-119.59485]
[CRQ,McClellan-Palomar,Carlsbad,CA,USA,33.128223,-117.28022]
[CXL,Calexico International,Calexico,CA,USA,32.669502,-115.51333]
[DAG,Barstow-Daggett,Daggett,CA,USA,34.853714,-116.78669]
[DLO,Delano Municipal,Delano,CA,USA,35.74558,-119.2365]
[DVO,Gnoss,Novato,CA,USA,38.14352,-122.55722]
[EED,Needles,Needles,CA,USA,34.766193,-114.62329]
[EKA,Murray,Eureka,CA,USA,40.80339,-124.11279]
[EMT,El Monte,El Monte,CA,USA,34.08601,-118.03484]
[F70,French Valley,Murieta/Temecula,CA,USA,33.576057,-117.127975]
[FAT,Fresno Yosemite International,Fresno,CA,USA,36.776196,-119.71814]
[FCH,Fresno-Chandler Downtown,Fresno,CA,USA,36.732365,-119.81989]
[FOT,Rohnerville,Fortuna,CA,USA,40.553936,-124.13266]
[FUL,Fullerton Municipal,Fullerton,CA,USA,33.872013,-117.97978]
[HAF,Half Moon Bay,Half Moon Bay,CA,USA,37.51383,-122.50109]
[HHR,Jack Northrop Field/Hawthorne Municipal,Hawthorne,CA,USA,33.92284,-118.33519]
[HJO,Hanford Municipal,Hanford,CA,USA,36.318523,-119.62887]
[HMT,Hemet-Ryan,Hemet,CA,USA,33.733982,-117.02253]
[HWD,Hayward Executive,Hayward,CA,USA,37.659264,-122.122406]
[IPL,Imperial County,Imperial,CA,USA,32.83422,-115.57874]
[IYK,Inyokern,Inyokern,CA,USA,35.658844,-117.82951]
[IZA,Santa Ynez,Santa Ynez,CA,USA,34.60682,-120.07556]
[KIC,Mesa Del Rey,King City,CA,USA,36.22802,-121.121864]
[L04,Holtville,Holtville,CA,USA,32.840324,-115.26748]
[L05,Kern Valley,Kernville,CA,USA,35.728283,-118.41981]
[L06,Furnace Creek,Death Valley National Park,CA,USA,36.463837,-116.88144]
[L08,Borrego Valley,Borrego Springs,CA,USA,33.25903,-116.32097]
[L12,Redlands Municipal,Redlands,CA,USA,34.085262,-117.14638]
[L17,Taft-Kern County,Taft,CA,USA,35.14108,-119.44123]
[L18,Fallbrook Community Airpark,Fallbrook,CA,USA,33.3542,-117.25087]
[L19,Wasco-Kern County,Wasco,CA,USA,35.61968,-119.35372]
[L26,Hesperia,Hesperia,CA,USA,34.377224,-117.31588]
[L35,Big Bear City,Big Bear,CA,USA,34.26362,-116.85448]
[L45,Bakersfield Municipal,Bakersfield,CA,USA,35.324833,-118.995834]
[L52,Oceano County,Oceano,CA,USA,35.101364,-120.622116]
[L67,Rialto Municipal,Rialto,CA,USA,34.129345,-117.40163]
[L70,Agua Dulce Airpark,Agua Dulce,CA,USA,34.504158,-118.31286]
[L71,California City Municipal,California City,CA,USA,35.151253,-118.01667]
[L72,Trona,Trona,CA,USA,35.812454,-117.32728]
[L84,Lost Hills-Kern County,Lost Hills,CA,USA,35.62357,-119.68624]
[LAX,Los Angeles International,Los Angeles,CA,USA,33.942535,-118.40807]
[LGB,Long Beach (Daugherty ),Long Beach,CA,USA,33.817722,-118.15161]
[LHM,Lincoln Regional,Lincoln,CA,USA,38.90916,-121.35133]
[LPC,Lompoc,Lompoc,CA,USA,34.66561,-120.46679]
[LSN,Los Banos Municipal,Los Banos,CA,USA,37.062904,-120.86925]
[LVK,Livermore Municipal,Livermore,CA,USA,37.6934,-121.82035]
[MAE,Madera Municipal,Madera,CA,USA,36.985718,-120.111984]
[MCE,Merced Municipal/MacReady,Merced,CA,USA,37.28473,-120.513885]
[MER,Castle,Atwater,CA,USA,37.38048,-120.56819]
[MHR,Sacramento Mather,Sacramento,CA,USA,38.553898,-121.29759]
[MHV,Mojave,Mojave,CA,USA,35.059364,-118.151855]
[MIT,Shafter-Minter,Shafter,CA,USA,35.505928,-119.19152]
[MMH,Mammoth Yosemite,Mammoth Lakes,CA,USA,37.62405,-118.83777]
[MOD,Modesto City-County-Harry Sham,Modesto,CA,USA,37.625816,-120.95442]
[MRY,Monterey Peninsula,Monterey,CA,USA,36.586983,-121.84295]
[MYF,Montgomery,San Diego,CA,USA,32.815735,-117.139565]
[MYV,Yuba County,Marysville,CA,USA,39.097775,-121.569824]
[O02,Nervino,Beckwourth,CA,USA,39.820736,-120.35438]
[O05,Rogers,Chester,CA,USA,40.282352,-121.241165]
Non-US airports: (size = 4)
[ROP,Prachinburi,NA,NA,Thailand,14.078333,101.378334]
[ROR,Babelthoup/Koror,NA,NA,Palau,7.367222,134.54417]
[SPN,Tinian International Airport,NA,NA,N Mariana Islands,14.996111,145.62138]
[YAP,Yap International,NA,NA,Federated States of Micronesia,9.5167,138.1]
