canceled flights: (size = 2139)
[[2008,1,1,2],[-1,205,-1,620,-1,195,-1,-1,-1,-1,-1],AS,154,N309AS,ANC,SEA,1449,1,A,0,-1,-1,-1,-1,-1]
[[2008,1,1,2],[-1,745,-1,1025,-1,160,-1,-1,-1,-1,-1],AS,327,N792AS,SNA,PDX,859,1,A,0,-1,-1,-1,-1,-1]
[[2008,1,1,2],[-1,1106,-1,1335,-1,149,-1,-1,-1,-1,-1],AS,488,N792AS,PDX,SNA,859,1,A,0,-1,-1,-1,-1,-1]
[[2008,1,1,2],[-1,710,-1,946,-1,156,-1,-1,-1,-1,-1],AS,464,N960AS,SEA,ONT,956,1,A,0,-1,-1,-1,-1,-1]
[[2008,1,1,2],[-1,2011,-1,2255,-1,164,-1,-1,-1,-1,-1],AS,631,N962AS,LAS,SEA,866,1,A,0,-1,-1,-1,-1,-1]
[[2008,1,1,2],[-1,805,-1,1047,-1,162,-1,-1,-1,-1,-1],AS,420,N615AS,SEA,LGB,965,1,A,0,-1,-1,-1,-1,-1]
[[2008,1,1,2],[-1,1127,-1,1415,-1,168,-1,-1,-1,-1,-1],AS,311,N615AS,LGB,SEA,965,1,A,0,-1,-1,-1,-1,-1]
[[2008,1,2,3],[-1,735,-1,944,-1,129,-1,-1,-1,-1,-1],AS,412,N968AS,SEA,OAK,671,1,A,0,-1,-1,-1,-1,-1]
[[2008,1,2,3],[-1,1833,-1,2043,-1,130,-1,-1,-1,-1,-1],AS,375,N552AS,SJC,SEA,697,1,A,0,-1,-1,-1,-1,-1]
[[2008,1,2,3],[-1,1545,-1,1753,-1,128,-1,-1,-1,-1,-1],AS,332,N552AS,SEA,SJC,697,1,A,0,-1,-1,-1,-1,-1]
[[2008,1,2,3],[-1,1800,-1,1858,-1,58,-1,-1,-1,-1,-1],AS,348,N552AS,SEA,GEG,224,1,A,0,-1,-1,-1,-1,-1]
[[2008,1,2,3],[-1,1024,-1,1226,-1,122,-1,-1,-1,-1,-1],AS,573,N968AS,OAK,SEA,671,1,A,0,-1,-1,-1,-1,-1]
[[2008,1,2,3],[-1,1940,-1,2048,-1,68,-1,-1,-1,-1,-1],AS,329,N552AS,GEG,SEA,224,1,A,0,-1,-1,-1,-1,-1]
[[2008,1,3,4],[-1,1006,-1,1133,-1,87,-1,-1,-1,-1,-1],AS,353,N792AS,SNA,OAK,371,1,A,0,-1,-1,-1,-1,-1]
[[2008,1,3,4],[-1,1830,-1,1920,-1,50,-1,-1,-1,-1,-1],AS,66,N774AS,YAK,JNU,199,1,A,0,-1,-1,-1,-1,-1]
[[2008,1,3,4],[-1,1213,-1,1340,-1,87,-1,-1,-1,-1,-1],AS,340,N792AS,OAK,SNA,371,1,A,0,-1,-1,-1,-1,-1]
[[2008,1,3,4],[-1,1438,-1,1720,-1,162,-1,-1,-1,-1,-1],AS,596,N788AS,SEA,SNA,978,1,A,0,-1,-1,-1,-1,-1]
[[2008,1,3,4],[-1,1800,-1,1945,-1,105,-1,-1,-1,-1,-1],AS,301,N960AS,SJC,PDX,569,1,A,0,-1,-1,-1,-1,-1]
[[2008,1,3,4],[-1,2005,-1,2326,-1,141,-1,-1,-1,-1,-1],AS,66,N774AS,JNU,SEA,909,1,A,0,-1,-1,-1,-1,-1]
[[2008,1,3,4],[-1,1923,-1,2047,-1,84,-1,-1,-1,-1,-1],AS,321,N611AS,SNA,OAK,371,1,A,0,-1,-1,-1,-1,-1]
[[2008,1,3,4],[-1,1805,-1,2101,-1,176,-1,-1,-1,-1,-1],AS,395,N788AS,SNA,SEA,978,1,A,0,-1,-1,-1,-1,-1]
[[2008,1,4,5],[-1,705,-1,834,-1,89,-1,-1,-1,-1,-1],AS,372,N611AS,OAK,SNA,371,1,A,0,-1,-1,-1,-1,-1]
[[2008,1,4,5],[-1,1723,-1,1848,-1,85,-1,-1,-1,-1,-1],AS,368,N982AS,PDX,SMF,479,1,A,0,-1,-1,-1,-1,-1]
[[2008,1,4,5],[-1,945,-1,1146,-1,121,-1,-1,-1,-1,-1],AS,386,N943AS,SEA,OAK,671,1,B,0,-1,-1,-1,-1,-1]
[[2008,1,4,5],[-1,1817,-1,1910,-1,53,-1,-1,-1,-1,-1],AS,33,N771AS,ADQ,ANC,252,1,B,0,-1,-1,-1,-1,-1]
[[2008,1,4,5],[-1,1232,-1,1429,-1,117,-1,-1,-1,-1,-1],AS,359,N943AS,OAK,SEA,671,1,B,0,-1,-1,-1,-1,-1]
[[2008,1,4,5],[-1,1900,-1,2104,-1,184,-1,-1,-1,-1,-1],AS,525,N624AS,DEN,SEA,1024,1,A,0,-1,-1,-1,-1,-1]
[[2008,1,4,5],[-1,2045,-1,2227,-1,102,-1,-1,-1,-1,-1],AS,434,N975AS,PDX,OAK,543,1,A,0,-1,-1,-1,-1,-1]
[[2008,1,4,5],[-1,1024,-1,1226,-1,122,-1,-1,-1,-1,-1],AS,573,N982AS,OAK,SEA,671,1,B,0,-1,-1,-1,-1,-1]
[[2008,1,4,5],[-1,735,-1,944,-1,129,-1,-1,-1,-1,-1],AS,412,N982AS,SEA,OAK,671,1,B,0,-1,-1,-1,-1,-1]
[[2008,1,4,5],[-1,1855,-1,2227,-1,152,-1,-1,-1,-1,-1],AS,578,N773AS,SEA,DEN,1024,1,A,0,-1,-1,-1,-1,-1]
[[2008,1,4,5],[-1,1100,-1,1227,-1,87,-1,-1,-1,-1,-1],AS,690,N794AS,SFO,PSP,421,1,A,0,-1,-1,-1,-1,-1]
[[2008,1,4,5],[-1,1345,-1,1540,-1,115,-1,-1,-1,-1,-1],AS,357,N647AS,OAK,SEA,671,1,B,0,-1,-1,-1,-1,-1]
[[2008,1,4,5],[-1,1010,-1,1220,-1,130,-1,-1,-1,-1,-1],AS,526,N975AS,SEA,SFO,679,1,B,0,-1,-1,-1,-1,-1]
[[2008,1,4,5],[-1,1634,-1,1737,-1,63,-1,-1,-1,-1,-1],AS,32,N771AS,ANC,ADQ,252,1,B,0,-1,-1,-1,-1,-1]
[[2008,1,4,5],[-1,1928,-1,2058,-1,90,-1,-1,-1,-1,-1],AS,389,N982AS,SMF,PDX,479,1,A,0,-1,-1,-1,-1,-1]
[[2008,1,4,5],[-1,1455,-1,1820,-1,145,-1,-1,-1,-1,-1],AS,582,N624AS,SEA,DEN,1024,1,A,0,-1,-1,-1,-1,-1]
[[2008,1,4,5],[-1,2243,-1,44,-1,121,-1,-1,-1,-1,-1],AS,273,N548AS,SFO,SEA,679,1,A,0,-1,-1,-1,-1,-1]
[[2008,1,4,5],[-1,1233,-1,1440,-1,127,-1,-1,-1,-1,-1],AS,339,N708AS,SJC,SEA,697,1,B,0,-1,-1,-1,-1,-1]
[[2008,1,4,5],[-1,945,-1,1153,-1,128,-1,-1,-1,-1,-1],AS,394,N708AS,SEA,SJC,697,1,B,0,-1,-1,-1,-1,-1]
[[2008,1,4,5],[-1,2045,-1,2147,-1,62,-1,-1,-1,-1,-1],AS,69,N799AS,KTN,JNU,234,1,A,0,-1,-1,-1,-1,-1]
[[2008,1,4,5],[-1,735,-1,943,-1,128,-1,-1,-1,-1,-1],AS,602,N960AS,PDX,LAS,762,1,A,0,-1,-1,-1,-1,-1]
[[2008,1,4,5],[-1,912,-1,1125,-1,133,-1,-1,-1,-1,-1],AS,399,N792AS,SFO,SEA,679,1,A,0,-1,-1,-1,-1,-1]
[[2008,1,4,5],[-1,1300,-1,1443,-1,103,-1,-1,-1,-1,-1],AS,345,N975AS,SFO,PDX,550,1,B,0,-1,-1,-1,-1,-1]
[[2008,1,4,5],[-1,1350,-1,1530,-1,100,-1,-1,-1,-1,-1],AS,419,N623AS,OAK,PDX,543,1,B,0,-1,-1,-1,-1,-1]
[[2008,1,4,5],[-1,1719,-1,1950,-1,151,-1,-1,-1,-1,-1],AS,424,N624AS,SEA,SNA,978,1,A,0,-1,-1,-1,-1,-1]
[[2008,1,4,5],[-1,2030,-1,2314,-1,164,-1,-1,-1,-1,-1],AS,497,N624AS,SNA,SEA,978,1,A,0,-1,-1,-1,-1,-1]
[[2008,1,4,5],[-1,1100,-1,1302,-1,122,-1,-1,-1,-1,-1],AS,334,N647AS,SEA,OAK,671,1,B,0,-1,-1,-1,-1,-1]
[[2008,1,4,5],[-1,805,-1,929,-1,84,-1,-1,-1,-1,-1],AS,256,N795AS,SFO,LAX,337,1,B,0,-1,-1,-1,-1,-1]
[[2008,1,4,5],[-1,1122,-1,1306,-1,104,-1,-1,-1,-1,-1],AS,392,N623AS,PDX,OAK,543,1,B,0,-1,-1,-1,-1,-1]
[[2008,1,5,6],[-1,1300,-1,1443,-1,103,-1,-1,-1,-1,-1],AS,345,N969AS,SFO,PDX,550,1,C,0,-1,-1,-1,-1,-1]
[[2008,1,5,6],[-1,1232,-1,1429,-1,117,-1,-1,-1,-1,-1],AS,359,N975AS,OAK,SEA,671,1,A,0,-1,-1,-1,-1,-1]
[[2008,1,5,6],[-1,945,-1,1146,-1,121,-1,-1,-1,-1,-1],AS,386,N975AS,SEA,OAK,671,1,A,0,-1,-1,-1,-1,-1]
[[2008,1,5,6],[-1,1600,-1,1656,-1,56,-1,-1,-1,-1,-1],AS,363,N979AS,SEA,GEG,224,1,A,0,-1,-1,-1,-1,-1]
[[2008,1,5,6],[-1,1740,-1,1845,-1,65,-1,-1,-1,-1,-1],AS,536,N979AS,GEG,SEA,224,1,A,0,-1,-1,-1,-1,-1]
[[2008,1,5,6],[-1,1828,-1,2054,-1,146,-1,-1,-1,-1,-1],AS,374,N979AS,SEA,ONT,956,1,A,0,-1,-1,-1,-1,-1]
[[2008,1,5,6],[-1,2137,-1,12,-1,155,-1,-1,-1,-1,-1],AS,445,N979AS,ONT,SEA,956,1,A,0,-1,-1,-1,-1,-1]
[[2008,1,5,6],[-1,1243,-1,1524,-1,161,-1,-1,-1,-1,-1],AS,486,N644AS,SEA,SNA,978,1,A,0,-1,-1,-1,-1,-1]
[[2008,1,5,6],[-1,1543,-1,1757,-1,134,-1,-1,-1,-1,-1],AS,476,N622AS,PDX,LAX,834,1,A,0,-1,-1,-1,-1,-1]
[[2008,1,5,6],[-1,2013,-1,2238,-1,145,-1,-1,-1,-1,-1],AS,491,N644AS,SNA,PDX,859,1,A,0,-1,-1,-1,-1,-1]
[[2008,1,5,6],[-1,820,-1,1045,-1,145,-1,-1,-1,-1,-1],AS,409,N622AS,LAX,PDX,834,1,A,0,-1,-1,-1,-1,-1]
[[2008,1,5,6],[-1,1810,-1,1933,-1,83,-1,-1,-1,-1,-1],AS,446,N644AS,OAK,SNA,371,1,A,0,-1,-1,-1,-1,-1]
[[2008,1,5,6],[-1,1855,-1,2227,-1,152,-1,-1,-1,-1,-1],AS,578,N647AS,SEA,DEN,1024,1,A,0,-1,-1,-1,-1,-1]
[[2008,1,5,6],[-1,1604,-1,1730,-1,86,-1,-1,-1,-1,-1],AS,433,N644AS,SNA,OAK,371,1,A,0,-1,-1,-1,-1,-1]
[[2008,1,5,6],[-1,1645,-1,1724,-1,39,-1,-1,-1,-1,-1],AS,64,N764AS,WRG,KTN,82,1,B,0,-1,-1,-1,-1,-1]
[[2008,1,5,6],[-1,1040,-1,1243,-1,183,-1,-1,-1,-1,-1],AS,735,N566AS,PHX,SEA,1107,1,A,0,-1,-1,-1,-1,-1]
[[2008,1,5,6],[-1,948,-1,1233,-1,165,-1,-1,-1,-1,-1],AS,496,N791AS,SEA,SNA,978,1,A,0,-1,-1,-1,-1,-1]
[[2008,1,5,6],[-1,1830,-1,1920,-1,50,-1,-1,-1,-1,-1],AS,66,N799AS,YAK,JNU,199,1,A,0,-1,-1,-1,-1,-1]
[[2008,1,5,6],[-1,2025,-1,2218,-1,113,-1,-1,-1,-1,-1],AS,310,N703AS,PDX,SFO,550,1,A,0,-1,-1,-1,-1,-1]
[[2008,1,5,6],[-1,610,-1,905,-1,175,-1,-1,-1,-1,-1],AS,529,N703AS,LAX,SEA,954,1,A,0,-1,-1,-1,-1,-1]
[[2008,1,5,6],[-1,700,-1,905,-1,185,-1,-1,-1,-1,-1],AS,537,N773AS,DEN,SEA,1024,1,A,0,-1,-1,-1,-1,-1]
[[2008,1,5,6],[-1,1006,-1,1133,-1,87,-1,-1,-1,-1,-1],AS,353,N760AS,SNA,OAK,371,1,A,0,-1,-1,-1,-1,-1]
[[2008,1,5,6],[-1,2040,-1,2313,-1,153,-1,-1,-1,-1,-1],AS,453,N772AS,LAX,PDX,834,1,A,0,-1,-1,-1,-1,-1]
[[2008,1,5,6],[-1,1244,-1,1525,-1,161,-1,-1,-1,-1,-1],AS,118,N780AS,SEA,LAX,954,1,A,0,-1,-1,-1,-1,-1]
[[2008,1,5,6],[-1,1213,-1,1340,-1,87,-1,-1,-1,-1,-1],AS,340,N760AS,OAK,SNA,371,1,A,0,-1,-1,-1,-1,-1]
[[2008,1,5,6],[-1,1420,-1,1713,-1,173,-1,-1,-1,-1,-1],AS,461,N791AS,SNA,SEA,978,1,A,0,-1,-1,-1,-1,-1]
[[2008,1,5,6],[-1,1523,-1,1729,-1,126,-1,-1,-1,-1,-1],AS,543,N792AS,SFO,SEA,679,1,A,0,-1,-1,-1,-1,-1]
[[2008,1,5,6],[-1,610,-1,957,-1,167,-1,-1,-1,-1,-1],AS,712,N566AS,SEA,PHX,1107,1,A,0,-1,-1,-1,-1,-1]
[[2008,1,6,7],[-1,1328,-1,1417,-1,49,-1,-1,-1,-1,-1],AS,152,N762AS,OME,OTZ,183,1,A,0,-1,-1,-1,-1,-1]
[[2008,1,6,7],[-1,1002,-1,1135,-1,93,-1,-1,-1,-1,-1],AS,151,N783AS,OME,ANC,539,1,A,0,-1,-1,-1,-1,-1]
[[2008,1,6,7],[-1,1655,-1,1902,-1,127,-1,-1,-1,-1,-1],AS,316,N977AS,SEA,OAK,671,1,A,0,-1,-1,-1,-1,-1]
[[2008,1,6,7],[-1,1350,-1,1530,-1,100,-1,-1,-1,-1,-1],AS,419,N644AS,OAK,PDX,543,1,A,0,-1,-1,-1,-1,-1]
[[2008,1,6,7],[-1,2355,-1,530,-1,215,-1,-1,-1,-1,-1],AS,806,N323AS,SEA,DFW,1660,1,A,0,-1,-1,-1,-1,-1]
[[2008,1,6,7],[-1,1942,-1,2145,-1,123,-1,-1,-1,-1,-1],AS,541,N977AS,OAK,SEA,671,1,A,0,-1,-1,-1,-1,-1]
[[2008,1,6,7],[-1,745,-1,1014,-1,149,-1,-1,-1,-1,-1],AS,408,N772AS,PDX,SNA,859,1,A,0,-1,-1,-1,-1,-1]
[[2008,1,6,7],[-1,1122,-1,1306,-1,104,-1,-1,-1,-1,-1],AS,392,N644AS,PDX,OAK,543,1,A,0,-1,-1,-1,-1,-1]
[[2008,1,6,7],[-1,700,-1,905,-1,185,-1,-1,-1,-1,-1],AS,537,N647AS,DEN,SEA,1024,1,A,0,-1,-1,-1,-1,-1]
[[2008,1,7,1],[-1,2210,-1,530,-1,380,-1,-1,-1,-1,-1],AS,871,N577AS,HNL,ANC,2777,1,A,0,-1,-1,-1,-1,-1]
[[2008,1,7,1],[-1,700,-1,930,-1,270,-1,-1,-1,-1,-1],AS,811,N323AS,DFW,SEA,1660,1,A,0,-1,-1,-1,-1,-1]
[[2008,1,7,1],[-1,1800,-1,1858,-1,58,-1,-1,-1,-1,-1],AS,348,N969AS,SEA,GEG,224,1,A,0,-1,-1,-1,-1,-1]
[[2008,1,7,1],[-1,705,-1,930,-1,145,-1,-1,-1,-1,-1],AS,516,N615AS,SEA,BUR,937,1,A,0,-1,-1,-1,-1,-1]
[[2008,1,7,1],[-1,1745,-1,1954,-1,129,-1,-1,-1,-1,-1],AS,356,N713AS,SEA,SJC,697,1,A,0,-1,-1,-1,-1,-1]
[[2008,1,7,1],[-1,1940,-1,2048,-1,68,-1,-1,-1,-1,-1],AS,329,N969AS,GEG,SEA,224,1,A,0,-1,-1,-1,-1,-1]
[[2008,1,7,1],[-1,2035,-1,2244,-1,129,-1,-1,-1,-1,-1],AS,477,N713AS,SJC,SEA,697,1,A,0,-1,-1,-1,-1,-1]
[[2008,1,7,1],[-1,1010,-1,1247,-1,157,-1,-1,-1,-1,-1],AS,515,N615AS,BUR,SEA,937,1,A,0,-1,-1,-1,-1,-1]
[[2008,1,8,2],[-1,1525,-1,1711,-1,106,-1,-1,-1,-1,-1],AS,418,N979AS,PDX,SJC,569,1,A,0,-1,-1,-1,-1,-1]
[[2008,1,8,2],[-1,1300,-1,1443,-1,103,-1,-1,-1,-1,-1],AS,345,N968AS,SFO,PDX,550,1,C,0,-1,-1,-1,-1,-1]
[[2008,1,8,2],[-1,650,-1,845,-1,115,-1,-1,-1,-1,-1],AS,212,N320AS,PDX,SFO,550,1,A,0,-1,-1,-1,-1,-1]
[[2008,1,8,2],[-1,1450,-1,1554,-1,64,-1,-1,-1,-1,-1],AS,186,N795AS,FAI,ANC,261,1,A,0,-1,-1,-1,-1,-1]
[[2008,1,8,2],[-1,846,-1,1037,-1,111,-1,-1,-1,-1,-1],AS,313,N619AS,SJC,PDX,569,1,A,0,-1,-1,-1,-1,-1]
canceled flights by month: (size = 12)
[7,98]
[11,65]
[3,85]
[8,154]
[12,627]
[4,158]
[9,67]
[1,355]
[5,127]
[10,93]
[2,206]
[6,104]
Flights between airports, sorted by airports: (size = 170)
[ANC,SEA,5536]
[SEA,ANC,5534]
[LAX,SEA,4692]
[SEA,LAX,4681]
[ANC,FAI,3217]
[SEA,SFO,2869]
[SFO,SEA,2866]
[SNA,SEA,2862]
[SEA,SNA,2860]
[FAI,ANC,2853]
[LAS,SEA,2665]
[SEA,LAS,2665]
[SEA,SAN,2608]
[SAN,SEA,2606]
[SEA,OAK,2344]
[OAK,SEA,2333]
[PHX,SEA,2171]
[SEA,PHX,2170]
[SEA,SJC,2145]
[SJC,SEA,2145]
[SEA,SMF,1917]
[SMF,SEA,1917]
[GEG,SEA,1704]
[SEA,GEG,1704]
[PDX,LAX,1527]
[LAX,PDX,1514]
[DEN,SEA,1422]
[SEA,DEN,1422]
[PDX,SNA,1421]
[SNA,PDX,1418]
[BUR,SEA,1390]
[SEA,BUR,1390]
[LAS,PDX,1357]
[PDX,LAS,1357]
[PDX,SAN,1352]
[SAN,PDX,1352]
[ONT,SEA,1343]
[SEA,ONT,1343]
[SEA,JNU,1334]
[KTN,SEA,1289]
[SEA,KTN,1289]
[JNU,SEA,1209]
[ANC,JNU,1163]
[JNU,ANC,1163]
[ORD,SEA,1093]
[SEA,ORD,1093]
[SEA,DFW,1085]
[DFW,SEA,1083]
[PDX,PHX,1081]
[PHX,PDX,1081]
[SEA,LGB,1072]
[LGB,SEA,1071]
[ANC,BET,1035]
[BET,ANC,1035]
[PDX,SJC,964]
[SJC,PDX,964]
[FAI,SEA,956]
[SEA,FAI,956]
[PSP,SFO,922]
[SFO,PSP,920]
[JNU,SIT,863]
[PDX,SFO,833]
[SFO,PDX,831]
[SIT,JNU,740]
[EWR,SEA,731]
[MCO,SEA,731]
[SEA,EWR,731]
[SEA,MCO,731]
[OME,ANC,729]
[DCA,SEA,727]
[SEA,DCA,727]
[ANC,OTZ,725]
[OTZ,OME,725]
[DEN,PDX,721]
[PDX,DEN,721]
[ADQ,ANC,706]
[ANC,ADQ,706]
[SEA,PSP,667]
[PSP,SEA,664]
[SEA,BOS,619]
[BOS,SEA,618]
[ANC,PDX,576]
[PDX,ANC,576]
[OAK,SNA,558]
[SNA,OAK,558]
[OAK,PDX,451]
[TUS,SEA,444]
[SEA,TUS,443]
[PDX,OAK,438]
[ANC,ORD,366]
[BOS,PDX,366]
[DCA,LAX,366]
[HNL,SEA,366]
[LAX,DCA,366]
[LAX,SFO,366]
[LIH,SEA,366]
[MIA,SEA,366]
[ORD,ANC,366]
[PDX,BOS,366]
[SEA,HNL,366]
Flights between airports, sorted by airports: (size = 170)
[ANC,SEA,5536]
[SEA,ANC,5534]
[LAX,SEA,4692]
[SEA,LAX,4681]
[ANC,FAI,3217]
[SEA,SFO,2869]
[SFO,SEA,2866]
[SNA,SEA,2862]
[SEA,SNA,2860]
[FAI,ANC,2853]
[LAS,SEA,2665]
[SEA,LAS,2665]
[SEA,SAN,2608]
[SAN,SEA,2606]
[SEA,OAK,2344]
[OAK,SEA,2333]
[PHX,SEA,2171]
[SEA,PHX,2170]
[SEA,SJC,2145]
[SJC,SEA,2145]
[SEA,SMF,1917]
[SMF,SEA,1917]
[GEG,SEA,1704]
[SEA,GEG,1704]
[PDX,LAX,1527]
[LAX,PDX,1514]
[DEN,SEA,1422]
[SEA,DEN,1422]
[PDX,SNA,1421]
[SNA,PDX,1418]
[BUR,SEA,1390]
[SEA,BUR,1390]
[LAS,PDX,1357]
[PDX,LAS,1357]
[PDX,SAN,1352]
[SAN,PDX,1352]
[ONT,SEA,1343]
[SEA,ONT,1343]
[SEA,JNU,1334]
[KTN,SEA,1289]
[SEA,KTN,1289]
[JNU,SEA,1209]
[ANC,JNU,1163]
[JNU,ANC,1163]
[ORD,SEA,1093]
[SEA,ORD,1093]
[SEA,DFW,1085]
[DFW,SEA,1083]
[PDX,PHX,1081]
[PHX,PDX,1081]
[SEA,LGB,1072]
[LGB,SEA,1071]
[ANC,BET,1035]
[BET,ANC,1035]
[PDX,SJC,964]
[SJC,PDX,964]
[FAI,SEA,956]
[SEA,FAI,956]
[PSP,SFO,922]
[SFO,PSP,920]
[JNU,SIT,863]
[PDX,SFO,833]
[SFO,PDX,831]
[SIT,JNU,740]
[EWR,SEA,731]
[MCO,SEA,731]
[SEA,EWR,731]
[SEA,MCO,731]
[OME,ANC,729]
[DCA,SEA,727]
[SEA,DCA,727]
[ANC,OTZ,725]
[OTZ,OME,725]
[DEN,PDX,721]
[PDX,DEN,721]
[ADQ,ANC,706]
[ANC,ADQ,706]
[SEA,PSP,667]
[PSP,SEA,664]
[SEA,BOS,619]
[BOS,SEA,618]
[ANC,PDX,576]
[PDX,ANC,576]
[OAK,SNA,558]
[SNA,OAK,558]
[OAK,PDX,451]
[TUS,SEA,444]
[SEA,TUS,443]
[PDX,OAK,438]
[ANC,ORD,366]
[BOS,PDX,366]
[DCA,LAX,366]
[HNL,SEA,366]
[LAX,DCA,366]
[LAX,SFO,366]
[LIH,SEA,366]
[MIA,SEA,366]
[ORD,ANC,366]
[PDX,BOS,366]
[SEA,HNL,366]
Flights between airports, sorted by airports: (size = 170)
[ANC,SEA,5536]
[SEA,ANC,5534]
[LAX,SEA,4692]
[SEA,LAX,4681]
[ANC,FAI,3217]
[SEA,SFO,2869]
[SFO,SEA,2866]
[SNA,SEA,2862]
[SEA,SNA,2860]
[FAI,ANC,2853]
[LAS,SEA,2665]
[SEA,LAS,2665]
[SEA,SAN,2608]
[SAN,SEA,2606]
[SEA,OAK,2344]
[OAK,SEA,2333]
[PHX,SEA,2171]
[SEA,PHX,2170]
[SEA,SJC,2145]
[SJC,SEA,2145]
[SEA,SMF,1917]
[SMF,SEA,1917]
[GEG,SEA,1704]
[SEA,GEG,1704]
[PDX,LAX,1527]
[LAX,PDX,1514]
[DEN,SEA,1422]
[SEA,DEN,1422]
[PDX,SNA,1421]
[SNA,PDX,1418]
[BUR,SEA,1390]
[SEA,BUR,1390]
[LAS,PDX,1357]
[PDX,LAS,1357]
[PDX,SAN,1352]
[SAN,PDX,1352]
[ONT,SEA,1343]
[SEA,ONT,1343]
[SEA,JNU,1334]
[KTN,SEA,1289]
[SEA,KTN,1289]
[JNU,SEA,1209]
[ANC,JNU,1163]
[JNU,ANC,1163]
[ORD,SEA,1093]
[SEA,ORD,1093]
[SEA,DFW,1085]
[DFW,SEA,1083]
[PDX,PHX,1081]
[PHX,PDX,1081]
[SEA,LGB,1072]
[LGB,SEA,1071]
[ANC,BET,1035]
[BET,ANC,1035]
[PDX,SJC,964]
[SJC,PDX,964]
[FAI,SEA,956]
[SEA,FAI,956]
[PSP,SFO,922]
[SFO,PSP,920]
[JNU,SIT,863]
[PDX,SFO,833]
[SFO,PDX,831]
[SIT,JNU,740]
[EWR,SEA,731]
[MCO,SEA,731]
[SEA,EWR,731]
[SEA,MCO,731]
[OME,ANC,729]
[DCA,SEA,727]
[SEA,DCA,727]
[ANC,OTZ,725]
[OTZ,OME,725]
[DEN,PDX,721]
[PDX,DEN,721]
[ADQ,ANC,706]
[ANC,ADQ,706]
[SEA,PSP,667]
[PSP,SEA,664]
[SEA,BOS,619]
[BOS,SEA,618]
[ANC,PDX,576]
[PDX,ANC,576]
[OAK,SNA,558]
[SNA,OAK,558]
[OAK,PDX,451]
[TUS,SEA,444]
[SEA,TUS,443]
[PDX,OAK,438]
[ANC,ORD,366]
[BOS,PDX,366]
[DCA,LAX,366]
[HNL,SEA,366]
[LAX,DCA,366]
[LAX,SFO,366]
[LIH,SEA,366]
[MIA,SEA,366]
[ORD,ANC,366]
[PDX,BOS,366]
[SEA,HNL,366]
Flights between airports, sorted by counts descending: (size = 170)
[ANC,SEA,5536]
[SEA,ANC,5534]
[LAX,SEA,4692]
[SEA,LAX,4681]
[ANC,FAI,3217]
[SEA,SFO,2869]
[SFO,SEA,2866]
[SNA,SEA,2862]
[SEA,SNA,2860]
[FAI,ANC,2853]
[LAS,SEA,2665]
[SEA,LAS,2665]
[SEA,SAN,2608]
[SAN,SEA,2606]
[SEA,OAK,2344]
[OAK,SEA,2333]
[PHX,SEA,2171]
[SEA,PHX,2170]
[SEA,SJC,2145]
[SJC,SEA,2145]
[SEA,SMF,1917]
[SMF,SEA,1917]
[GEG,SEA,1704]
[SEA,GEG,1704]
[PDX,LAX,1527]
[LAX,PDX,1514]
[DEN,SEA,1422]
[SEA,DEN,1422]
[PDX,SNA,1421]
[SNA,PDX,1418]
[BUR,SEA,1390]
[SEA,BUR,1390]
[LAS,PDX,1357]
[PDX,LAS,1357]
[PDX,SAN,1352]
[SAN,PDX,1352]
[ONT,SEA,1343]
[SEA,ONT,1343]
[SEA,JNU,1334]
[KTN,SEA,1289]
[SEA,KTN,1289]
[JNU,SEA,1209]
[ANC,JNU,1163]
[JNU,ANC,1163]
[ORD,SEA,1093]
[SEA,ORD,1093]
[SEA,DFW,1085]
[DFW,SEA,1083]
[PDX,PHX,1081]
[PHX,PDX,1081]
[SEA,LGB,1072]
[LGB,SEA,1071]
[ANC,BET,1035]
[BET,ANC,1035]
[PDX,SJC,964]
[SJC,PDX,964]
[FAI,SEA,956]
[SEA,FAI,956]
[PSP,SFO,922]
[SFO,PSP,920]
[JNU,SIT,863]
[PDX,SFO,833]
[SFO,PDX,831]
[SIT,JNU,740]
[EWR,SEA,731]
[MCO,SEA,731]
[SEA,EWR,731]
[SEA,MCO,731]
[OME,ANC,729]
[DCA,SEA,727]
[SEA,DCA,727]
[ANC,OTZ,725]
[OTZ,OME,725]
[DEN,PDX,721]
[PDX,DEN,721]
[ADQ,ANC,706]
[ANC,ADQ,706]
[SEA,PSP,667]
[PSP,SEA,664]
[SEA,BOS,619]
[BOS,SEA,618]
[ANC,PDX,576]
[PDX,ANC,576]
[OAK,SNA,558]
[SNA,OAK,558]
[OAK,PDX,451]
[TUS,SEA,444]
[SEA,TUS,443]
[PDX,OAK,438]
[ANC,ORD,366]
[BOS,PDX,366]
[DCA,LAX,366]
[HNL,SEA,366]
[LAX,DCA,366]
[LAX,SFO,366]
[LIH,SEA,366]
[MIA,SEA,366]
[ORD,ANC,366]
[PDX,BOS,366]
[SEA,HNL,366]
[SEA,LIH,366]
[SEA,MIA,366]
[SFO,LAX,366]
[ANC,OME,365]
[KTN,SIT,365]
[SIT,KTN,365]
[BRW,ANC,364]
[BRW,FAI,364]
[FAI,BRW,364]
[FAI,SCC,364]
[JNU,KTN,364]
[KTN,WRG,364]
[PSG,JNU,364]
[SCC,BRW,364]
[WRG,PSG,364]
[ANC,SCC,363]
[CDV,ANC,363]
[JNU,PSG,363]
[JNU,YAK,363]
[PSG,WRG,363]
[SCC,ANC,363]
[WRG,KTN,363]
[YAK,CDV,363]
[ANC,CDV,362]
[CDV,YAK,362]
[KTN,JNU,362]
[YAK,JNU,362]
[OME,OTZ,361]
[OTZ,ANC,361]
[MCO,PDX,237]
[ANC,HNL,236]
[HNL,ANC,236]
[PDX,MCO,236]
[SIT,SEA,227]
[LAX,ANC,212]
[ANC,LAX,211]
[PSP,PDX,169]
[OGG,SEA,168]
[PDX,PSP,168]
[SEA,OGG,168]
[MSP,SEA,133]
[SEA,MSP,133]
[ANC,AKN,116]
[DLG,ANC,116]
[RNO,SEA,112]
[SEA,RNO,112]
[SEA,SIT,104]
[ADK,ANC,102]
[ANC,ADK,102]
[PDX,SMF,102]
[SMF,PDX,102]
[GST,JNU,85]
[JNU,GST,85]
[SFO,ANC,79]
[AKN,ANC,78]
[ANC,DEN,78]
[ANC,DLG,78]
[ANC,SFO,78]
[DEN,ANC,78]
[BOI,SEA,75]
[SEA,BOI,75]
[BUR,PDX,60]
[ONT,PDX,60]
[PDX,BUR,60]
[PDX,ONT,60]
[KOA,SEA,45]
[SEA,KOA,45]
[AKN,DLG,38]
[ANC,OGG,27]
[OGG,ANC,27]
